main.c:171:5:main	8	static
main.c:277:6:SystemClock_Config	72	static
main.c:318:13:MX_I2C1_Init	8	static
main.c:352:13:MX_TIM2_Init	72	static
main.c:424:13:MX_USART1_UART_Init	8	static
main.c:457:13:MX_USART2_UART_Init	8	static
main.c:490:13:MX_GPIO_Init	40	static
main.c:513:6:fview	72	static
main.c:531:6:string_receive	24	static
main.c:542:6:vInitPARAMETERS	16	static
main.c:574:6:BodyRate	40	static
main.c:605:6:DroneStart	56	static
main.c:650:6:MPU	24	static
main.c:683:6:PrintPARAMS	56	static
main.c:722:6:insertPARAMS	64	static
main.c:786:6:outputTHRUST	64	static
main.c:829:6:RollPitch	88	static
main.c:865:6:YawCONTROLLER	24	static
main.c:886:6:Altitude	32	static
main.c:909:6:lateral	32	static
main.c:932:6:HAL_TIM_PeriodElapsedCallback	16	static
main.c:949:6:Error_Handler	4	static
