main.c:161:5:main	8	static
main.c:267:6:SystemClock_Config	72	static
main.c:308:13:MX_I2C1_Init	8	static
main.c:342:13:MX_TIM2_Init	72	static
main.c:414:13:MX_USART1_UART_Init	8	static
main.c:447:13:MX_USART2_UART_Init	8	static
main.c:480:13:MX_GPIO_Init	40	static
main.c:503:6:string_receive	24	static
main.c:514:6:vInitPARAMETERS	16	static
main.c:546:6:BodyRate	40	static
main.c:577:6:DroneStart	48	static
main.c:616:6:MPU	16	static
main.c:634:6:PrintPARAMS	48	static
main.c:701:6:insertPARAMS	56	static
main.c:765:6:outputTHRUST	64	static
main.c:808:6:RollPitch	88	static
main.c:844:6:YawCONTROLLER	24	static
main.c:865:6:Altitude	32	static
main.c:888:6:lateral	32	static
main.c:911:6:HAL_TIM_PeriodElapsedCallback	16	static
main.c:928:6:Error_Handler	4	static
